src/components/Layout.tsx(7,30): error TS6133: 'addHours' is declared but its value is never read.
src/components/Layout.tsx(7,40): error TS6133: 'addDays' is declared but its value is never read.
src/components/Layout.tsx(194,9): error TS6133: 'handleSiteChange' is declared but its value is never read.
src/components/Layout.tsx(237,13): error TS6133: 'response' is declared but its value is never read.
src/components/Layout.tsx(1117,7): error TS6133: 'ModalTitle' is declared but its value is never read.
src/components/Layout.tsx(1218,7): error TS6133: 'QuickTimeOptions' is declared but its value is never read.
src/components/Layout.tsx(1225,7): error TS6133: 'QuickTimeButton' is declared but its value is never read.
src/components/Layout.tsx(1257,7): error TS6133: 'SiteSelector' is declared but its value is never read.
src/components/Layout.tsx(1276,7): error TS6133: 'NoSitesMessage' is declared but its value is never read.
src/components/ui/WebflowStyledComponents.tsx(2,10): error TS6133: 'ItemCountsProps' is declared but its value is never read.
src/components/ui/WebflowStyledComponents.tsx(2,27): error TS6133: 'ItemCountBadgeProps' is declared but its value is never read.
src/components/ui/WebflowStyledComponents.tsx(2,48): error TS6133: 'ItemCountLabelProps' is declared but its value is never read.
src/contexts/AuthContext.tsx(24,19): error TS6133: 'setLoading' is declared but its value is never read.
src/contexts/AuthContext.tsx(35,65): error TS6133: 'event' is declared but its value is never read.
src/pages/Assets.tsx(5,1): error TS6133: 'axios' is declared but its value is never read.
src/pages/Assets.tsx(9,1): error TS6133: 'supabase' is declared but its value is never read.
src/pages/Assets.tsx(89,11): error TS6133: 'token' is declared but its value is never read.
src/pages/Assets.tsx(99,10): error TS6133: 'sites' is declared but its value is never read.
src/pages/Assets.tsx(303,9): error TS6133: 'handleSiteChange' is declared but its value is never read.
src/pages/Assets.tsx(326,9): error TS6133: 'handleSort' is declared but its value is never read.
src/pages/Assets.tsx(1045,7): error TS6133: 'SiteSelector' is declared but its value is never read.
src/pages/Assets.tsx(1630,7): error TS6133: 'ProgressBarContainer' is declared but its value is never read.
src/pages/Assets.tsx(1640,7): error TS6133: 'ProgressBar' is declared but its value is never read.
src/pages/Assets.tsx(1646,7): error TS6133: 'ProgressText' is declared but its value is never read.
src/pages/CMSEditor.tsx(3,1): error TS6133: 'useAuth' is declared but its value is never read.
src/pages/CMSEditor.tsx(7,1): error TS6133: 'Project' is declared but its value is never read.
src/pages/CMSEditor.tsx(8,1): error TS6133: 'supabase' is declared but its value is never read.
src/pages/CMSEditor.tsx(9,10): error TS6133: 'FiPlus' is declared but its value is never read.
src/pages/CMSEditor.tsx(9,26): error TS6133: 'FiTrash2' is declared but its value is never read.
src/pages/CMSEditor.tsx(16,3): error TS6133: 'DropdownState' is declared but its value is never read.
src/pages/CMSEditor.tsx(17,3): error TS6133: 'ItemCountsProps' is declared but its value is never read.
src/pages/CMSEditor.tsx(18,3): error TS6133: 'ItemCountBadgeProps' is declared but its value is never read.
src/pages/CMSEditor.tsx(19,3): error TS6133: 'ItemCountLabelProps' is declared but its value is never read.
src/pages/CMSEditor.tsx(31,24): error TS6133: 'ImportedItemsTableWrapper' is declared but its value is never read.
src/pages/CMSEditor.tsx(32,17): error TS6133: 'ImportedItemsTable' is declared but its value is never read.
src/pages/CMSEditor.tsx(33,23): error TS6133: 'ImportedItemsTableHeader' is declared but its value is never read.
src/pages/CMSEditor.tsx(34,20): error TS6133: 'ImportedItemsTableRow' is declared but its value is never read.
src/pages/CMSEditor.tsx(35,21): error TS6133: 'ImportedItemsTableCell' is declared but its value is never read.
src/pages/CMSEditor.tsx(36,25): error TS6133: 'ImportedColumnToggleButton' is declared but its value is never read.
src/pages/CMSEditor.tsx(37,16): error TS6133: 'ImportedCheckIcon' is declared but its value is never read.
src/pages/CMSEditor.tsx(38,23): error TS6133: 'ImportedEditModalContent' is declared but its value is never read.
src/pages/CMSEditor.tsx(39,22): error TS6133: 'ImportedEditModalHeader' is declared but its value is never read.
src/pages/CMSEditor.tsx(40,21): error TS6133: 'ImportedEditModalTitle' is declared but its value is never read.
src/pages/CMSEditor.tsx(41,24): error TS6133: 'ImportedEditModalSubtitle' is declared but its value is never read.
src/pages/CMSEditor.tsx(42,20): error TS6133: 'ImportedEditModalBody' is declared but its value is never read.
src/pages/CMSEditor.tsx(43,22): error TS6133: 'ImportedEditModalFooter' is declared but its value is never read.
src/pages/CMSEditor.tsx(384,7): error TS6133: 'ColumnActions' is declared but its value is never read.
src/pages/CMSEditor.tsx(491,7): error TS6133: 'DetailLink' is declared but its value is never read.
src/pages/CMSEditor.tsx(588,7): error TS6133: 'ArrayContainer' is declared but its value is never read.
src/pages/CMSEditor.tsx(600,7): error TS6133: 'ArrayItem' is declared but its value is never read.
src/pages/CMSEditor.tsx(615,7): error TS6133: 'PreFormattedJson' is declared but its value is never read.
src/pages/CMSEditor.tsx(669,7): error TS6133: 'ItemDetailTable' is declared but its value is never read.
src/pages/CMSEditor.tsx(681,7): error TS6133: 'ItemDetailRow' is declared but its value is never read.
src/pages/CMSEditor.tsx(702,7): error TS6133: 'ItemDetailLabel' is declared but its value is never read.
src/pages/CMSEditor.tsx(713,7): error TS6133: 'ItemDetailValue' is declared but its value is never read.
src/pages/CMSEditor.tsx(724,7): error TS6133: 'ItemStatusBadge' is declared but its value is never read.
src/pages/CMSEditor.tsx(807,7): error TS6133: 'CloseButton' is declared but its value is never read.
src/pages/CMSEditor.tsx(834,7): error TS6133: 'ModalDescription' is declared but its value is never read.
src/pages/CMSEditor.tsx(840,7): error TS6133: 'ModalActions' is declared but its value is never read.
src/pages/CMSEditor.tsx(925,7): error TS6133: 'DetailLabel' is declared but its value is never read.
src/pages/CMSEditor.tsx(931,7): error TS6133: 'DetailValue' is declared but its value is never read.
src/pages/CMSEditor.tsx(1011,7): error TS2451: Cannot redeclare block-scoped variable 'EditButton'.
src/pages/CMSEditor.tsx(1031,7): error TS6133: 'EditColorPicker' is declared but its value is never read.
src/pages/CMSEditor.tsx(1041,7): error TS6133: 'EditFieldContainer' is declared but its value is never read.
src/pages/CMSEditor.tsx(1294,7): error TS2451: Cannot redeclare block-scoped variable 'EditButton'.
src/pages/CMSEditor.tsx(1354,10): error TS6133: 'metadataCollapsed' is declared but its value is never read.
src/pages/CMSEditor.tsx(1354,29): error TS6133: 'setMetadataCollapsed' is declared but its value is never read.
src/pages/CMSEditor.tsx(1355,10): error TS6133: 'imageEditState' is declared but its value is never read.
src/pages/CMSEditor.tsx(1355,26): error TS6133: 'setImageEditState' is declared but its value is never read.
src/pages/CMSEditor.tsx(1536,9): error TS6133: 'handleMenuClick' is declared but its value is never read.
src/pages/CMSEditor.tsx(1807,5): error TS6133: 'fieldName' is declared but its value is never read.
src/pages/CMSEditor.tsx(1853,9): error TS6133: 'EditableLongTextField' is declared but its value is never read.
src/pages/CMSEditor.tsx(1855,5): error TS6133: 'fieldName' is declared but its value is never read.
src/pages/CMSEditor.tsx(1916,9): error TS6133: 'ImagePreview' is declared but its value is never read.
src/pages/CMSEditor.tsx(1922,9): error TS6133: 'ImagePreviewItem' is declared but its value is never read.
src/pages/CMSEditor.tsx(1926,9): error TS6133: 'RemoveImageButton' is declared but its value is never read.
src/pages/CMSEditor.tsx(2113,5): error TS6133: 'fieldName' is declared but its value is never read.
src/pages/CMSEditor.tsx(2174,9): error TS6133: 'ToggleSwitch' is declared but its value is never read.
src/pages/CMSEditor.tsx(2226,9): error TS6133: 'ImageEditContainer' is declared but its value is never read.
src/pages/CMSEditor.tsx(2231,9): error TS6133: 'ImageEditButton' is declared but its value is never read.
src/pages/CMSEditor.tsx(2246,9): error TS6133: 'CollapsibleSection' is declared but its value is never read.
src/pages/CMSEditor.tsx(2249,9): error TS6133: 'CollapsibleHeader' is declared but its value is never read.
src/pages/CMSEditor.tsx(2261,9): error TS6133: 'CollapseIcon' is declared but its value is never read.
src/pages/CMSEditor.tsx(2269,9): error TS6133: 'SectionDivider' is declared but its value is never read.
src/pages/Collections.tsx(6,1): error TS6133: 'supabase' is declared but its value is never read.
src/pages/Collections.tsx(11,3): error TS6133: 'DropdownState' is declared but its value is never read.
src/pages/Collections.tsx(18,11): error TS6133: 'token' is declared but its value is never read.
src/pages/Collections.tsx(19,67): error TS6133: 'projectsLoading' is declared but its value is never read.
src/pages/Dashboard.tsx(61,14): error TS6133: 'err' is declared but its value is never read.
src/pages/Login.tsx(170,7): error TS6133: 'HelpText' is declared but its value is never read.
src/pages/Login.tsx(207,7): error TS6133: 'InfoSection' is declared but its value is never read.
src/pages/Login.tsx(213,7): error TS6133: 'InfoTitle' is declared but its value is never read.
src/pages/Login.tsx(220,7): error TS6133: 'InfoContent' is declared but its value is never read.
src/pages/Login.tsx(234,7): error TS6133: 'InfoNote' is declared but its value is never read.
src/pages/Login.tsx(240,7): error TS6133: 'InfoLink' is declared but its value is never read.
src/pages/Pages.tsx(2,1): error TS6133: 'axios' is declared but its value is never read.
src/pages/Pages.tsx(6,30): error TS6133: 'addHours' is declared but its value is never read.
src/pages/Pages.tsx(6,40): error TS6133: 'addDays' is declared but its value is never read.
src/pages/Pages.tsx(9,1): error TS6133: 'supabase' is declared but its value is never read.
src/pages/Pages.tsx(76,9): error TS6133: 'dropdownRef' is declared but its value is never read.
src/pages/Pages.tsx(77,9): error TS6133: 'contentRef' is declared but its value is never read.
src/pages/Pages.tsx(78,9): error TS6133: 'cmsItemsRefMap' is declared but its value is never read.
src/pages/Pages.tsx(80,11): error TS6133: 'token' is declared but its value is never read.
src/pages/Pages.tsx(82,67): error TS6133: 'projectsLoading' is declared but its value is never read.
src/pages/Pages.tsx(234,9): error TS6133: 'renderProjectSelector' is declared but its value is never read.
src/pages/Pages.tsx(631,13): error TS6133: 'response' is declared but its value is never read.
src/pages/Pages.tsx(819,11): error TS6133: 'isMenuOpen' is declared but its value is never read.
src/pages/Pages.tsx(1573,7): error TS6133: 'ActionCell' is declared but its value is never read.
src/pages/Pages.tsx(1752,7): error TS6133: 'ApiNote' is declared but its value is never read.
src/pages/Register.tsx(15,9): error TS6133: 'navigate' is declared but its value is never read.
src/pages/WebflowToken.tsx(7,17): error TS6133: 'token' is declared but its value is never read.
src/pages/WebflowToken.tsx(16,22): error TS2339: Property 'webflowToken' does not exist on type 'User'.
src/pages/WebflowToken.tsx(70,21): error TS2339: Property 'webflowToken' does not exist on type 'User'.
